[cleversoft.qodeinteractive.com/it-services-home/index.html]
[backblue.gif]
[fade.gif]
[index.html]
[cleversoft.qodeinteractive.com/wp-content/plugins/cleversoft-core/inc/icons/dripicons/assets/css/dripicons.minfc7a.css]
[cleversoft.qodeinteractive.com/wp-content/plugins/cleversoft-core/inc/icons/elegant-icons/assets/css/elegant-icons.minfc7a.css]
[cleversoft.qodeinteractive.com/wp-content/plugins/cleversoft-core/inc/icons/ionicons/assets/css/ionicons.minfc7a.css]
[cleversoft.qodeinteractive.com/wp-content/plugins/cleversoft-core/inc/icons/linear-icons/assets/css/linear-icons.minfc7a.css]
[cleversoft.qodeinteractive.com/wp-content/plugins/cleversoft-core/inc/icons/linea-icons/assets/css/linea-icons.minfc7a.css]
[cleversoft.qodeinteractive.com/wp-content/plugins/cleversoft-core/inc/icons/font-awesome/assets/css/all.minfc7a.css]
[cleversoft.qodeinteractive.com/wp-content/plugins/cleversoft-core/inc/icons/simple-line-icons/assets/css/simple-line-icons.minfc7a.css]
[cleversoft.qodeinteractive.com/wp-includes/css/dist/block-library/style.minfc7a.css]
[cleversoft.qodeinteractive.com/wp-content/plugins/contact-form-7/includes/css/styles77e1.css]
[cleversoft.qodeinteractive.com/wp-content/plugins/woocommerce/packages/woocommerce-blocks/build/wc-blocks-vendors-style2ff6.css]
[cleversoft.qodeinteractive.com/wp-content/plugins/custom-twitter-feeds/css/ctf-styles.minb95e.css]
[cleversoft.qodeinteractive.com/wp-content/plugins/woocommerce/packages/woocommerce-blocks/build/wc-blocks-style2ff6.css]
[export.qodethemes.com/_toolbar/assets/css/rbt-modulesfc7a.css]
[cleversoft.qodeinteractive.com/wp-content/plugins/wp-user-avatar/assets/select2/select2.minfc7a.css]
[cleversoft.qodeinteractive.com/wp-content/plugins/qi-addons-for-elementor/assets/css/grid.minfc7a.css]
[cleversoft.qodeinteractive.com/wp-content/plugins/wp-user-avatar/assets/flatpickr/flatpickr.minb2f9.css]
[cleversoft.qodeinteractive.com/wp-content/plugins/qi-addons-for-elementor/assets/plugins/swiper/swiper.minfc7a.css]
[cleversoft.qodeinteractive.com/wp-content/plugins/qi-addons-for-elementor/assets/css/main.minfc7a.css]
[cleversoft.qodeinteractive.com/wp-content/plugins/qi-addons-for-elementor/assets/css/helper-parts.minfc7a.css]
[cleversoft.qodeinteractive.com/wp-content/plugins/woocommerce/assets/css/select2823d.css]
[cleversoft.qodeinteractive.com/wp-content/plugins/wp-user-avatar/assets/css/frontend.minb2f9.css]
[cleversoft.qodeinteractive.com/wp-content/plugins/cleversoft-core/assets/plugins/perfect-scrollbar/perfect-scrollbarfc7a.css]
[cleversoft.qodeinteractive.com/wp-content/plugins/cleversoft-core/assets/css/cleversoft-core.minfc7a.css]
[cleversoft.qodeinteractive.com/wp-content/themes/cleversoft/stylefc7a.css]
[cleversoft.qodeinteractive.com/wp-content/themes/cleversoft/assets/plugins/magnific-popup/magnific-popupfc7a.css]
[cleversoft.qodeinteractive.com/wp-content/plugins/cleversoft-core/inc/plugins/elementor/assets/css/elementor.minfc7a.css]
[cleversoft.qodeinteractive.com/wp-content/themes/cleversoft/assets/css/main.minfc7a.css]
[cleversoft.qodeinteractive.com/wp-content/plugins/elementor/assets/css/frontend-legacy.min3621.css]
[cleversoft.qodeinteractive.com/wp-content/plugins/elementor/assets/css/frontend.min3621.css]
[cleversoft.qodeinteractive.com/wp-content/plugins/elementor/assets/lib/eicons/css/elementor-icons.min91ce.css]
[cleversoft.qodeinteractive.com/wp-content/uploads/elementor/css/post-119903.css]
[cleversoft.qodeinteractive.com/wp-content/uploads/elementor/css/post-5464b24.css]
[cleversoft.qodeinteractive.com/wp-includes/js/jquery/jquery.minaf6c.js]
[cleversoft.qodeinteractive.com/wp-includes/js/jquery/jquery-migrate.mind617.js]
[cleversoft.qodeinteractive.com/wp-content/plugins/revslider/public/assets/js/rbtools.min0660.js]
[cleversoft.qodeinteractive.com/wp-content/plugins/wp-user-avatar/assets/flatpickr/flatpickr.minb2f9.js]
[cleversoft.qodeinteractive.com/wp-content/plugins/revslider/public/assets/js/rs6.min0660.js]
[cleversoft.qodeinteractive.com/wp-content/plugins/wp-user-avatar/assets/select2/select2.minb2f9.js]
[cleversoft.qodeinteractive.com/wp-content/uploads/2020/10/cropped-Favicon-32x32.png]
[cleversoft.qodeinteractive.com/wp-content/uploads/2020/10/cropped-Favicon-192x192.png]
[cleversoft.qodeinteractive.com/wp-content/uploads/2020/10/cropped-Favicon-180x180.png]
[cleversoft.qodeinteractive.com/wp-content/uploads/2020/10/CleverSoft-Logo-HDPI.png]
[cleversoft.qodeinteractive.com/wp-content/uploads/2020/10/CleverSoft-Logo-Light-HDPI.png]
[cleversoft.qodeinteractive.com/wp-content/plugins/revslider/public/assets/assets/dummy.png]
[cleversoft.qodeinteractive.com/wp-content/uploads/2020/08/h4-client-1.png]
[cleversoft.qodeinteractive.com/wp-content/uploads/2020/08/h4-client-2.png]
[cleversoft.qodeinteractive.com/wp-content/uploads/2020/08/h4-client-2-hover.png]
[cleversoft.qodeinteractive.com/wp-content/uploads/2020/08/h4-client-3.png]
[cleversoft.qodeinteractive.com/wp-content/uploads/2020/08/h4-client-3-hover.png]
[cleversoft.qodeinteractive.com/wp-content/uploads/2020/08/h4-client-4.png]
[cleversoft.qodeinteractive.com/wp-content/uploads/2020/08/h4-client-4-hover.png]
[cleversoft.qodeinteractive.com/wp-content/uploads/2020/08/h4-client-5.png]
[cleversoft.qodeinteractive.com/wp-content/uploads/2020/08/h4-client-5-hover.png]
[cleversoft.qodeinteractive.com/wp-content/uploads/2020/08/h4-client-6.png]
[cleversoft.qodeinteractive.com/wp-content/uploads/2020/08/h4-client-6-hover.png]
[cleversoft.qodeinteractive.com/wp-content/uploads/2020/10/h6-img-11.jpg]
[cleversoft.qodeinteractive.com/wp-content/uploads/2020/10/h6-img-12.jpg]
[cleversoft.qodeinteractive.com/wp-content/uploads/2020/09/h6-custom-img-1.png]
[cleversoft.qodeinteractive.com/wp-content/uploads/2020/09/h6-custom-img-4.png]
[cleversoft.qodeinteractive.com/wp-content/uploads/2020/09/h6-custom-img-3.png]
[cleversoft.qodeinteractive.com/wp-content/uploads/2020/09/h6-custom-img-5.png]
[cleversoft.qodeinteractive.com/wp-content/uploads/2020/09/h6-custom-img-2.png]
[cleversoft.qodeinteractive.com/wp-content/uploads/2020/09/h6-custom-img-6.png]
[cleversoft.qodeinteractive.com/wp-content/uploads/2020/08/futer-bottom-qode-logo.png]
[cleversoft.qodeinteractive.com/wp-content/uploads/2020/11/app-store-img.png]
[cleversoft.qodeinteractive.com/wp-content/uploads/2020/11/google-play-img.png]
[cleversoft.qodeinteractive.com/cdn-cgi/scripts/5c5dd728/cloudflare-static/email-decode.min.js]
[cleversoft.qodeinteractive.com/wp-content/plugins/elementor/assets/lib/animations/animations.min3621.css]
[cleversoft.qodeinteractive.com/wp-content/plugins/contact-form-7/includes/swv/js/index77e1.js]
[cleversoft.qodeinteractive.com/wp-content/plugins/contact-form-7/includes/js/index77e1.js]
[cleversoft.qodeinteractive.com/wp-content/plugins/revslider/public/assets/css/rs60660.css]
[export.qodethemes.com/_toolbar/assets/js/rbt-modulesfc7a.js]
[cleversoft.qodeinteractive.com/wp-content/plugins/woocommerce/assets/js/jquery-blockui/jquery.blockUI.mindc32.js]
[cleversoft.qodeinteractive.com/wp-content/plugins/woocommerce/assets/js/frontend/add-to-cart.min823d.js]
[cleversoft.qodeinteractive.com/wp-content/plugins/woocommerce/assets/js/js-cookie/js.cookie.minc599.js]
[cleversoft.qodeinteractive.com/wp-content/plugins/woocommerce/assets/js/frontend/woocommerce.min823d.js]
[cleversoft.qodeinteractive.com/wp-content/plugins/wp-user-avatar/assets/js/frontend.minb2f9.js]
[cleversoft.qodeinteractive.com/wp-content/plugins/duracelltomi-google-tag-manager/js/gtm4wp-form-move-tracker34dd.js]
[cleversoft.qodeinteractive.com/wp-includes/js/jquery/ui/core.min0028.js]
[cleversoft.qodeinteractive.com/wp-content/plugins/qi-addons-for-elementor/assets/js/main.minfc7a.js]
[cleversoft.qodeinteractive.com/wp-content/plugins/cleversoft-core/assets/plugins/perfect-scrollbar/perfect-scrollbar.jquery.minfc7a.js]
[cleversoft.qodeinteractive.com/wp-includes/js/hoverIntent.min3e5a.js]
[cleversoft.qodeinteractive.com/wp-content/plugins/cleversoft-core/assets/plugins/jquery/jquery.easing.1.3fc7a.js]
[cleversoft.qodeinteractive.com/wp-content/plugins/cleversoft-core/assets/plugins/modernizr/modernizrfc7a.js]
[cleversoft.qodeinteractive.com/wp-content/plugins/cleversoft-core/assets/plugins/tweenmax/tweenmax.minfc7a.js]
[cleversoft.qodeinteractive.com/wp-content/themes/cleversoft/assets/js/main.minfc7a.js]
[cleversoft.qodeinteractive.com/wp-includes/js/underscore.minb37e.js]
[cleversoft.qodeinteractive.com/wp-content/plugins/cleversoft-core/inc/maps/assets/js/custom-markerfc7a.js]
[cleversoft.qodeinteractive.com/wp-content/plugins/cleversoft-core/inc/maps/assets/js/google-mapfc7a.js]
[cleversoft.qodeinteractive.com/wp-content/plugins/cleversoft-core/assets/js/cleversoft-core.minfc7a.js]
[cleversoft.qodeinteractive.com/wp-content/plugins/cleversoft-core/inc/maps/assets/js/markerclustererfc7a.js]
[cleversoft.qodeinteractive.com/wp-content/themes/cleversoft/assets/plugins/waitforimages/jquery.waitforimagesfc7a.js]
[cleversoft.qodeinteractive.com/wp-content/plugins/woocommerce/assets/js/frontend/cart-fragments.min823d.js]
[cleversoft.qodeinteractive.com/wp-content/themes/cleversoft/assets/plugins/appear/jquery.appearfc7a.js]
[cleversoft.qodeinteractive.com/wp-content/themes/cleversoft/assets/plugins/magnific-popup/jquery.magnific-popup.minfc7a.js]
[cleversoft.qodeinteractive.com/wp-content/plugins/woocommerce/assets/js/select2/select2.full.min8d46.js]
[cleversoft.qodeinteractive.com/wp-content/plugins/elementor/assets/lib/swiper/swiper.min48f5.js]
[cleversoft.qodeinteractive.com/wp-content/plugins/qi-addons-for-elementor/inc/masonry/assets/js/plugins/isotope.pkgd.minfc7a.js]
[cleversoft.qodeinteractive.com/wp-content/plugins/qi-addons-for-elementor/inc/masonry/assets/js/plugins/packery-mode.pkgd.minfc7a.js]
[cleversoft.qodeinteractive.com/wp-content/themes/cleversoft/inc/justified-gallery/assets/js/plugins/jquery.justifiedGallery.min68b3.js]
[cleversoft.qodeinteractive.com/wp-includes/js/mediaelement/mediaelement-and-player.min08e1.js]
[cleversoft.qodeinteractive.com/wp-includes/js/mediaelement/mediaelement-migrate.minfc7a.js]
[cleversoft.qodeinteractive.com/wp-includes/js/mediaelement/renderers/vimeo.min08e1.js]
[cleversoft.qodeinteractive.com/wp-includes/js/mediaelement/wp-mediaelement.minfc7a.js]
[cleversoft.qodeinteractive.com/wp-content/plugins/custom-twitter-feeds/js/ctf-scripts.minb95e.js]
[cleversoft.qodeinteractive.com/wp-content/plugins/elementor/assets/js/webpack.runtime.min3621.js]
[cleversoft.qodeinteractive.com/wp-content/plugins/elementor/assets/lib/share-link/share-link.min3621.js]
[cleversoft.qodeinteractive.com/wp-content/plugins/elementor/assets/lib/waypoints/waypoints.min05da.js]
[cleversoft.qodeinteractive.com/wp-content/plugins/elementor/assets/js/frontend-modules.min3621.js]
[cleversoft.qodeinteractive.com/wp-content/plugins/elementor/assets/lib/dialog/dialog.mind227.js]
[cleversoft.qodeinteractive.com/wp-content/plugins/elementor/assets/js/frontend.min3621.js]
[cleversoft.qodeinteractive.com/wp-includes/js/dist/vendor/wp-polyfill.min2c7c.js]
[cleversoft.qodeinteractive.com/wp-includes/js/dist/hooks.mincbb5.js]
[cleversoft.qodeinteractive.com/wp-includes/js/dist/i18n.min771a.js]
[cleversoft.qodeinteractive.com/wp-content/plugins/qi-addons-for-elementor/inc/plugins/elementor/assets/js/elementorfc7a.js]
[cleversoft.qodeinteractive.com/wp-includes/js/dist/vendor/regenerator-runtime.min3937.js]
[cleversoft.qodeinteractive.com/wp-content/plugins/cleversoft-core/inc/plugins/elementor/assets/js/elementorfc7a.js]
[cleversoft.qodeinteractive.com/it-services-home/index.html]
[cleversoft.qodeinteractive.com/wp-content/plugins/cleversoft-core/inc/icons/dripicons/assets/css/dripicons.minfc7a.css]
[cleversoft.qodeinteractive.com/wp-content/plugins/cleversoft-core/inc/icons/elegant-icons/assets/css/elegant-icons.minfc7a.css]
[cleversoft.qodeinteractive.com/wp-content/plugins/cleversoft-core/inc/icons/font-awesome/assets/css/all.minfc7a.css]
[cleversoft.qodeinteractive.com/wp-content/plugins/cleversoft-core/inc/icons/ionicons/assets/css/ionicons.minfc7a.css]
[cleversoft.qodeinteractive.com/wp-content/plugins/cleversoft-core/inc/icons/linea-icons/assets/css/linea-icons.minfc7a.css]
[cleversoft.qodeinteractive.com/wp-content/plugins/cleversoft-core/inc/icons/linear-icons/assets/css/linear-icons.minfc7a.css]
[cleversoft.qodeinteractive.com/wp-content/plugins/cleversoft-core/inc/icons/simple-line-icons/assets/css/simple-line-icons.minfc7a.css]
[cleversoft.qodeinteractive.com/wp-includes/css/dist/block-library/style.minfc7a.css]
[cleversoft.qodeinteractive.com/wp-content/plugins/woocommerce/packages/woocommerce-blocks/build/wc-blocks-vendors-style2ff6.css]
[cleversoft.qodeinteractive.com/wp-content/plugins/woocommerce/packages/woocommerce-blocks/build/wc-blocks-style2ff6.css]
[cleversoft.qodeinteractive.com/wp-content/plugins/contact-form-7/includes/css/styles77e1.css]
[cleversoft.qodeinteractive.com/wp-content/plugins/custom-twitter-feeds/css/ctf-styles.minb95e.css]
[export.qodethemes.com/_toolbar/assets/css/rbt-modulesfc7a.css]
[cleversoft.qodeinteractive.com/wp-content/plugins/elementor/assets/js/preloaded-modules.min3621.js]
[cleversoft.qodeinteractive.com/wp-content/plugins/wp-user-avatar/assets/css/material-icons/MaterialIcons-Regular.woff2]
[cleversoft.qodeinteractive.com/wp-content/plugins/wp-user-avatar/assets/css/material-icons/MaterialIcons-Regular.woff]
[cleversoft.qodeinteractive.com/wp-content/plugins/wp-user-avatar/assets/images/frontend/arrow-down.png]
[cleversoft.qodeinteractive.com/wp-content/plugins/wp-user-avatar/assets/css/frontend.minb2f9.css]
[cleversoft.qodeinteractive.com/wp-content/plugins/wp-user-avatar/assets/flatpickr/flatpickr.minb2f9.css]
[cleversoft.qodeinteractive.com/wp-content/plugins/wp-user-avatar/assets/select2/select2.minfc7a.css]
[cleversoft.qodeinteractive.com/wp-content/plugins/qi-addons-for-elementor/assets/plugins/swiper/swiper.minfc7a.css]
[cleversoft.qodeinteractive.com/wp-content/plugins/qi-addons-for-elementor/assets/css/grid.minfc7a.css]
[cleversoft.qodeinteractive.com/wp-content/plugins/qi-addons-for-elementor/assets/css/helper-parts.minfc7a.css]
[cleversoft.qodeinteractive.com/wp-content/plugins/qi-addons-for-elementor/assets/css/main.minfc7a.css]
[cleversoft.qodeinteractive.com/wp-content/plugins/woocommerce/assets/css/select2823d.css]
[cleversoft.qodeinteractive.com/wp-content/plugins/cleversoft-core/assets/plugins/perfect-scrollbar/perfect-scrollbarfc7a.css]
[cleversoft.qodeinteractive.com/wp-content/themes/cleversoft/assets/img/blockquote.png]
[cleversoft.qodeinteractive.com/wp-content/themes/cleversoft/assets/img/background-spinner.png]
[cleversoft.qodeinteractive.com/wp-content/themes/cleversoft/assets/css/main.minfc7a.css]
[cleversoft.qodeinteractive.com/wp-content/plugins/cleversoft-core/assets/css/cleversoft-core.minfc7a.css]
[cleversoft.qodeinteractive.com/wp-content/themes/cleversoft/assets/plugins/magnific-popup/magnific-popupfc7a.css]
[cleversoft.qodeinteractive.com/wp-content/themes/cleversoft/stylefc7a.css]
[cleversoft.qodeinteractive.com/wp-content/plugins/cleversoft-core/inc/plugins/elementor/assets/css/elementor.minfc7a.css]
[cleversoft.qodeinteractive.com/wp-content/plugins/elementor/assets/lib/eicons/css/elementor-icons.min91ce.css]
[cleversoft.qodeinteractive.com/wp-content/plugins/elementor/assets/css/frontend-legacy.min3621.css]
[cleversoft.qodeinteractive.com/wp-content/plugins/elementor/assets/css/frontend.min3621.css]
[cleversoft.qodeinteractive.com/wp-content/uploads/elementor/css/post-119903.css]
[cleversoft.qodeinteractive.com/wp-content/plugins/cleversoft-core/inc/core-dashboard/assets/css/core-dashboard.minfc7a.css]
[cleversoft.qodeinteractive.com/wp-content/uploads/2020/08/h6-background-img-1.jpg]
[cleversoft.qodeinteractive.com/wp-content/uploads/2020/08/h6-background-img-2.jpg]
[cleversoft.qodeinteractive.com/wp-content/uploads/2020/08/h6-background-img-3.jpg]
[cleversoft.qodeinteractive.com/wp-content/uploads/elementor/css/post-5464b24.css]
[cleversoft.qodeinteractive.com/wp-content/plugins/elementor/assets/lib/animations/animations.min3621.css]
[cleversoft.qodeinteractive.com/wp-content/uploads/2020/08/h4-client-1-hover.png]
[cleversoft.qodeinteractive.com/wp-content/plugins/revslider/public/assets/assets/gridtile.png]
[cleversoft.qodeinteractive.com/wp-content/plugins/revslider/public/assets/assets/gridtile_white.png]
[cleversoft.qodeinteractive.com/wp-content/plugins/revslider/public/assets/assets/gridtile_3x3.png]
[cleversoft.qodeinteractive.com/wp-content/plugins/revslider/public/assets/assets/gridtile_3x3_white.png]
[cleversoft.qodeinteractive.com/wp-content/plugins/revslider/public/assets/assets/coloredbg.png]
[cleversoft.qodeinteractive.com/wp-content/plugins/revslider/public/assets/assets/loader.gif]
[cleversoft.qodeinteractive.com/wp-content/plugins/revslider/public/assets/css/rs60660.css]
[cleversoft.qodeinteractive.com/wp-content/plugins/cleversoft-core/inc/core-dashboard/assets/css/core-dashboard.minfc7a.css]
[cleversoft.qodeinteractive.com/wp-content/plugins/revslider/public/assets/css/openhand.html]
[cleversoft.qodeinteractive.com/wp-content/plugins/revslider/public/assets/css/closedhand.html]
